{
  "started_at": "2026-08-03T04:30:59.003921+00:00",
  "keyword": "NFT",
  "countries": {
    "KR": {
      "status": "error",
      "segments": [],
      "error": "RuntimeError: request failed: Expecting value: line 1 column 1 (char 0)"
    },
    "JP": {
      "status": "error",
      "segments": [],
      "error": "RuntimeError: request failed: Expecting value: line 1 column 1 (char 0)"
    },
    "TW": {
      "status": "error",
      "segments": [],
      "error": "RuntimeError: request failed: Expecting value: line 1 column 1 (char 0)"
    },
    "SG": {
      "status": "error",
      "segments": [],
      "error": "RuntimeError: request failed: Expecting value: line 1 column 1 (char 0)"
    },
    "US": {
      "status": "error",
      "segments": [],
      "error": "RuntimeError: request failed: Expecting value: line 1 column 1 (char 0)"
    },
    "GB": {
      "status": "error",
      "segments": [],
      "error": "RuntimeError: request failed: Expecting value: line 1 column 1 (char 0)"
    }
  },
  "finished_at": "2026-08-03T04:54:41.907255+00:00",
  "ok_count": 0,
  "error_count": 6
}
